---
source: crates/inspector/src/file.rs
expression: result.sort()
---
null
