---
source: src/file.rs
expression: result.sort()
---
null
